// Jest Snapshot v1, https://goo.gl/fbAQLP

exports[`collateCSS SHOULD return the correct css 1`] = `
Object {
  ".child-selector-a": Object {
    "backgroundColor": "red",
    "display": "block",
    "position": "fixed",
  },
  "::placeholder": Object {
    "color": "gray",
  },
  "color": "green",
  "fontFamily": "Arial",
  "fontSize": "16px",
  "fontWeight": "bold",
  "lineHeight": "1.25",
  "maxHeight": "var(--max-height, 100%)",
  "maxWidth": "var(--max-width, 450px)",
}
`;
