// Jest Snapshot v1, https://goo.gl/fbAQLP

exports[`generatePropNameCombos SHOULD return the correct combinations for a given set of prop names 1`] = `
Array [
  Array [
    "active",
    "disabled",
    "error",
    "selected",
    "success",
    "status::approved",
  ],
  Array [
    "active",
    "disabled",
    "error",
    "selected",
    "success",
    "status::declined",
  ],
  Array [
    "active",
    "disabled",
    "error",
    "selected",
    "success",
    "status::pending",
  ],
  Array [
    "active",
    "disabled",
    "error",
    "selected",
    "success",
    "status::complete",
  ],
  Array [
    "active",
    "disabled",
    "error",
    "selected",
    "success",
  ],
  Array [
    "active",
    "disabled",
    "error",
    "selected",
    "status::approved",
  ],
  Array [
    "active",
    "disabled",
    "error",
    "selected",
    "status::declined",
  ],
  Array [
    "active",
    "disabled",
    "error",
    "selected",
    "status::pending",
  ],
  Array [
    "active",
    "disabled",
    "error",
    "selected",
    "status::complete",
  ],
  Array [
    "active",
    "disabled",
    "error",
    "selected",
  ],
  Array [
    "active",
    "disabled",
    "error",
    "success",
    "status::approved",
  ],
  Array [
    "active",
    "disabled",
    "error",
    "success",
    "status::declined",
  ],
  Array [
    "active",
    "disabled",
    "error",
    "success",
    "status::pending",
  ],
  Array [
    "active",
    "disabled",
    "error",
    "success",
    "status::complete",
  ],
  Array [
    "active",
    "disabled",
    "error",
    "success",
  ],
  Array [
    "active",
    "disabled",
    "error",
    "status::approved",
  ],
  Array [
    "active",
    "disabled",
    "error",
    "status::declined",
  ],
  Array [
    "active",
    "disabled",
    "error",
    "status::pending",
  ],
  Array [
    "active",
    "disabled",
    "error",
    "status::complete",
  ],
  Array [
    "active",
    "disabled",
    "error",
  ],
  Array [
    "active",
    "disabled",
    "selected",
    "success",
    "status::approved",
  ],
  Array [
    "active",
    "disabled",
    "selected",
    "success",
    "status::declined",
  ],
  Array [
    "active",
    "disabled",
    "selected",
    "success",
    "status::pending",
  ],
  Array [
    "active",
    "disabled",
    "selected",
    "success",
    "status::complete",
  ],
  Array [
    "active",
    "disabled",
    "selected",
    "success",
  ],
  Array [
    "active",
    "disabled",
    "selected",
    "status::approved",
  ],
  Array [
    "active",
    "disabled",
    "selected",
    "status::declined",
  ],
  Array [
    "active",
    "disabled",
    "selected",
    "status::pending",
  ],
  Array [
    "active",
    "disabled",
    "selected",
    "status::complete",
  ],
  Array [
    "active",
    "disabled",
    "selected",
  ],
  Array [
    "active",
    "disabled",
    "success",
    "status::approved",
  ],
  Array [
    "active",
    "disabled",
    "success",
    "status::declined",
  ],
  Array [
    "active",
    "disabled",
    "success",
    "status::pending",
  ],
  Array [
    "active",
    "disabled",
    "success",
    "status::complete",
  ],
  Array [
    "active",
    "disabled",
    "success",
  ],
  Array [
    "active",
    "disabled",
    "status::approved",
  ],
  Array [
    "active",
    "disabled",
    "status::declined",
  ],
  Array [
    "active",
    "disabled",
    "status::pending",
  ],
  Array [
    "active",
    "disabled",
    "status::complete",
  ],
  Array [
    "active",
    "disabled",
  ],
  Array [
    "active",
    "error",
    "selected",
    "success",
    "status::approved",
  ],
  Array [
    "active",
    "error",
    "selected",
    "success",
    "status::declined",
  ],
  Array [
    "active",
    "error",
    "selected",
    "success",
    "status::pending",
  ],
  Array [
    "active",
    "error",
    "selected",
    "success",
    "status::complete",
  ],
  Array [
    "active",
    "error",
    "selected",
    "success",
  ],
  Array [
    "active",
    "error",
    "selected",
    "status::approved",
  ],
  Array [
    "active",
    "error",
    "selected",
    "status::declined",
  ],
  Array [
    "active",
    "error",
    "selected",
    "status::pending",
  ],
  Array [
    "active",
    "error",
    "selected",
    "status::complete",
  ],
  Array [
    "active",
    "error",
    "selected",
  ],
  Array [
    "active",
    "error",
    "success",
    "status::approved",
  ],
  Array [
    "active",
    "error",
    "success",
    "status::declined",
  ],
  Array [
    "active",
    "error",
    "success",
    "status::pending",
  ],
  Array [
    "active",
    "error",
    "success",
    "status::complete",
  ],
  Array [
    "active",
    "error",
    "success",
  ],
  Array [
    "active",
    "error",
    "status::approved",
  ],
  Array [
    "active",
    "error",
    "status::declined",
  ],
  Array [
    "active",
    "error",
    "status::pending",
  ],
  Array [
    "active",
    "error",
    "status::complete",
  ],
  Array [
    "active",
    "error",
  ],
  Array [
    "active",
    "selected",
    "success",
    "status::approved",
  ],
  Array [
    "active",
    "selected",
    "success",
    "status::declined",
  ],
  Array [
    "active",
    "selected",
    "success",
    "status::pending",
  ],
  Array [
    "active",
    "selected",
    "success",
    "status::complete",
  ],
  Array [
    "active",
    "selected",
    "success",
  ],
  Array [
    "active",
    "selected",
    "status::approved",
  ],
  Array [
    "active",
    "selected",
    "status::declined",
  ],
  Array [
    "active",
    "selected",
    "status::pending",
  ],
  Array [
    "active",
    "selected",
    "status::complete",
  ],
  Array [
    "active",
    "selected",
  ],
  Array [
    "active",
    "success",
    "status::approved",
  ],
  Array [
    "active",
    "success",
    "status::declined",
  ],
  Array [
    "active",
    "success",
    "status::pending",
  ],
  Array [
    "active",
    "success",
    "status::complete",
  ],
  Array [
    "active",
    "success",
  ],
  Array [
    "active",
    "status::approved",
  ],
  Array [
    "active",
    "status::declined",
  ],
  Array [
    "active",
    "status::pending",
  ],
  Array [
    "active",
    "status::complete",
  ],
  Array [
    "active",
  ],
  Array [
    "disabled",
    "error",
    "selected",
    "success",
    "status::approved",
  ],
  Array [
    "disabled",
    "error",
    "selected",
    "success",
    "status::declined",
  ],
  Array [
    "disabled",
    "error",
    "selected",
    "success",
    "status::pending",
  ],
  Array [
    "disabled",
    "error",
    "selected",
    "success",
    "status::complete",
  ],
  Array [
    "disabled",
    "error",
    "selected",
    "success",
  ],
  Array [
    "disabled",
    "error",
    "selected",
    "status::approved",
  ],
  Array [
    "disabled",
    "error",
    "selected",
    "status::declined",
  ],
  Array [
    "disabled",
    "error",
    "selected",
    "status::pending",
  ],
  Array [
    "disabled",
    "error",
    "selected",
    "status::complete",
  ],
  Array [
    "disabled",
    "error",
    "selected",
  ],
  Array [
    "disabled",
    "error",
    "success",
    "status::approved",
  ],
  Array [
    "disabled",
    "error",
    "success",
    "status::declined",
  ],
  Array [
    "disabled",
    "error",
    "success",
    "status::pending",
  ],
  Array [
    "disabled",
    "error",
    "success",
    "status::complete",
  ],
  Array [
    "disabled",
    "error",
    "success",
  ],
  Array [
    "disabled",
    "error",
    "status::approved",
  ],
  Array [
    "disabled",
    "error",
    "status::declined",
  ],
  Array [
    "disabled",
    "error",
    "status::pending",
  ],
  Array [
    "disabled",
    "error",
    "status::complete",
  ],
  Array [
    "disabled",
    "error",
  ],
  Array [
    "disabled",
    "selected",
    "success",
    "status::approved",
  ],
  Array [
    "disabled",
    "selected",
    "success",
    "status::declined",
  ],
  Array [
    "disabled",
    "selected",
    "success",
    "status::pending",
  ],
  Array [
    "disabled",
    "selected",
    "success",
    "status::complete",
  ],
  Array [
    "disabled",
    "selected",
    "success",
  ],
  Array [
    "disabled",
    "selected",
    "status::approved",
  ],
  Array [
    "disabled",
    "selected",
    "status::declined",
  ],
  Array [
    "disabled",
    "selected",
    "status::pending",
  ],
  Array [
    "disabled",
    "selected",
    "status::complete",
  ],
  Array [
    "disabled",
    "selected",
  ],
  Array [
    "disabled",
    "success",
    "status::approved",
  ],
  Array [
    "disabled",
    "success",
    "status::declined",
  ],
  Array [
    "disabled",
    "success",
    "status::pending",
  ],
  Array [
    "disabled",
    "success",
    "status::complete",
  ],
  Array [
    "disabled",
    "success",
  ],
  Array [
    "disabled",
    "status::approved",
  ],
  Array [
    "disabled",
    "status::declined",
  ],
  Array [
    "disabled",
    "status::pending",
  ],
  Array [
    "disabled",
    "status::complete",
  ],
  Array [
    "disabled",
  ],
  Array [
    "error",
    "selected",
    "success",
    "status::approved",
  ],
  Array [
    "error",
    "selected",
    "success",
    "status::declined",
  ],
  Array [
    "error",
    "selected",
    "success",
    "status::pending",
  ],
  Array [
    "error",
    "selected",
    "success",
    "status::complete",
  ],
  Array [
    "error",
    "selected",
    "success",
  ],
  Array [
    "error",
    "selected",
    "status::approved",
  ],
  Array [
    "error",
    "selected",
    "status::declined",
  ],
  Array [
    "error",
    "selected",
    "status::pending",
  ],
  Array [
    "error",
    "selected",
    "status::complete",
  ],
  Array [
    "error",
    "selected",
  ],
  Array [
    "error",
    "success",
    "status::approved",
  ],
  Array [
    "error",
    "success",
    "status::declined",
  ],
  Array [
    "error",
    "success",
    "status::pending",
  ],
  Array [
    "error",
    "success",
    "status::complete",
  ],
  Array [
    "error",
    "success",
  ],
  Array [
    "error",
    "status::approved",
  ],
  Array [
    "error",
    "status::declined",
  ],
  Array [
    "error",
    "status::pending",
  ],
  Array [
    "error",
    "status::complete",
  ],
  Array [
    "error",
  ],
  Array [
    "selected",
    "success",
    "status::approved",
  ],
  Array [
    "selected",
    "success",
    "status::declined",
  ],
  Array [
    "selected",
    "success",
    "status::pending",
  ],
  Array [
    "selected",
    "success",
    "status::complete",
  ],
  Array [
    "selected",
    "success",
  ],
  Array [
    "selected",
    "status::approved",
  ],
  Array [
    "selected",
    "status::declined",
  ],
  Array [
    "selected",
    "status::pending",
  ],
  Array [
    "selected",
    "status::complete",
  ],
  Array [
    "selected",
  ],
  Array [
    "success",
    "status::approved",
  ],
  Array [
    "success",
    "status::declined",
  ],
  Array [
    "success",
    "status::pending",
  ],
  Array [
    "success",
    "status::complete",
  ],
  Array [
    "success",
  ],
  Array [
    "status::approved",
  ],
  Array [
    "status::declined",
  ],
  Array [
    "status::pending",
  ],
  Array [
    "status::complete",
  ],
]
`;
