// Jest Snapshot v1, https://goo.gl/fbAQLP

exports[`transformStylingFiles >> SHOULD generate the correct output for the correct files 1`] = `
"import styling from \\"@styling/core\\";
import BlackText from \\"path/to/app-root/src/component/text\\";
import { BlueSubtext } from \\"path/to/app-root/src/component/subtext\\";
export const Container = styling(\\"div\\", [\\"checked\\", \\"disabled\\"], [\\"checked\\", \\"disabled\\"], {
  \\"checked\\": \\"test-component__container--checked\\",
  \\"checked--disabled\\": \\"test-component__container--checked--disabled\\",
  \\"disabled\\": \\"test-component__container--disabled\\"
});
export const Radio = styling(\\"input\\", [\\"checked\\", \\"disabled\\"], [\\"checked\\", \\"disabled\\"], {
  \\"checked\\": \\"test-component__radio--checked\\",
  \\"checked--disabled\\": \\"test-component__radio--checked--disabled\\",
  \\"disabled\\": \\"test-component__radio--disabled\\"
});
export const Subtext = styling(BlueSubtext, [\\"checked\\", \\"disabled\\"], [\\"checked\\", \\"disabled\\"], {
  \\"checked\\": \\"test-component__subtext--checked\\",
  \\"checked--disabled\\": \\"test-component__subtext--checked--disabled\\",
  \\"disabled\\": \\"test-component__subtext--disabled\\"
});
export const Text = styling(BlackText, [\\"checked\\", \\"disabled\\"], [\\"checked\\", \\"disabled\\"], {
  \\"checked\\": \\"test-component__text--checked\\",
  \\"checked--disabled\\": \\"test-component__text--checked--disabled\\",
  \\"disabled\\": \\"test-component__text--disabled\\"
});"
`;

exports[`transformStylingFiles >> SHOULD pass the correct code to evalStylingFile 1`] = `
"let styled;

try {

    const require_0 = require(\\"@styling/core\\");
    styled = require_0.styled
  ;
} catch {}

let BlackText;

try {

    const require_1 = require(\\"/Users/dylanaubrey/Documents/workspaces/styling/src/component/text\\");
    BlackText = require_1.default
  ;
} catch {}

let BlueSubtext;

try {

    const require_2 = require(\\"/Users/dylanaubrey/Documents/workspaces/styling/src/component/subtext\\");
    BlueSubtext = require_2.BlueSubtext
  ;
} catch {}

let consts;

try {

    consts = require(\\"/Users/dylanaubrey/Documents/workspaces/styling/src/component/constants\\");
  ;
} catch {}

export const foo = \\"bar\\";
export const Container = styled(\\"div\\", [\\"checked\\", \\"disabled\\"], \\"Container\\", \\"/Users/dylanaubrey/Documents/workspaces/styling/src/component/index.styling.ts\\")\`
    display: block;
  \`;
export const Radio = styled(\\"input\\", [\\"checked\\", \\"disabled\\"], \\"Radio\\", \\"/Users/dylanaubrey/Documents/workspaces/styling/src/component/index.styling.ts\\")\`
    display: block;
  \`;
export const Text = styled(BlackText, [\\"checked\\", \\"disabled\\"], \\"Text\\", \\"/Users/dylanaubrey/Documents/workspaces/styling/src/component/index.styling.ts\\")\`
    display: block;
  \`;
export const Subtext = styled(BlueSubtext, [\\"checked\\", \\"disabled\\"], \\"Subtext\\", \\"/Users/dylanaubrey/Documents/workspaces/styling/src/component/index.styling.ts\\")\`
    display: block;
  \`;"
`;
