// Jest Snapshot v1, https://goo.gl/fbAQLP

exports[`styled SHOULD write the correct css to file 1`] = `
".container-596050158 {
  font-family: Arial;
  font-size: 16px;
  line-height: 1.25; }

.container-596050158--checked {
  color: blue; }

.container-596050158--disabled {
  curser: default; }

.container-596050158--disabled--checked {
  color: grey; }

"
`;
