// Jest Snapshot v1, https://goo.gl/fbAQLP

exports[`transformStylingFiles >> SHOULD generate the correct output for the correct files 1`] = `
"import { styled } from \\"@styling/core\\";
export const Container = styled(\\"div\\", {
  \\"checked\\": \\"test-component__container--checked\\",
  \\"checked::disabled\\": \\"test-component__container--checked--disabled\\",
  \\"disabled\\": \\"test-component__container--disabled\\"
});
export const Radio = styled(\\"input\\", {
  \\"checked\\": \\"test-component__radio--checked\\",
  \\"checked::disabled\\": \\"test-component__radio--checked--disabled\\",
  \\"disabled\\": \\"test-component__radio--disabled\\"
});"
`;
