// Jest Snapshot v1, https://goo.gl/fbAQLP

exports[`buildCSSFromCSSObjects SHOULD return the correct css string 1`] = `
".component-name {
    font-family: Arial;
    font-size: 16px;
    line-height: 1.25;
    max-height: auto;
    max-width: initial;
    color: green;
    ::-webkit-input-placeholder {
        color: gray
    }
    ::-moz-placeholder {
        color: gray
    }
    :-ms-input-placeholder {
        color: gray
    }
    ::-ms-input-placeholder {
        color: gray
    }
    ::placeholder {
        color: gray
    }
    .child-selector-a {
        background-color: black;
        position: fixed
    }
}
.component-name--active {
    max-height: var(--max-height, 100%);
    max-width: var(--max-width, 450px);
    .child-selector-a {
        background-color: red;
        display: block
    }
}
"
`;
