// Jest Snapshot v1, https://goo.gl/fbAQLP

exports[`buildCSSObjects SHOULD return the correct selector css objects 1`] = `
Object {
  "base": Object {
    "css": Object {
      "WebkitTapHighlightColor": "transparent",
      "alignItems": "center",
      "borderRadius": "24px",
      "boxSizing": "border-box",
      "display": "flex",
      "height": "100%",
      "justifyContent": "center",
      "outline": "none",
      "position": "relative",
      "textAlign": "center",
      "verticalAlign": "middle",
      "whiteSpace": "nowrap",
      "width": "100%",
    },
    "keyCombo": Array [],
    "selector": "container-eHB-OhMi",
  },
  "no-text": Object {
    "css": Object {
      "borderRadius": "50%",
    },
    "keyCombo": Array [
      "noText",
    ],
    "selector": "container-eHB-OhMi--no-text",
  },
  "stretch": Object {
    "css": Object {
      "justifyContent": "space-between",
    },
    "keyCombo": Array [
      "stretch",
    ],
    "selector": "container-eHB-OhMi--stretch",
  },
  "variant-link": Object {
    "css": Object {
      "borderRadius": "0",
    },
    "keyCombo": Array [
      "variant::link",
    ],
    "selector": "container-eHB-OhMi--variant-link",
  },
}
`;
