// Jest Snapshot v1, https://goo.gl/fbAQLP

exports[`dedupeCSS SHOULD return the correct css 1`] = `
Object {
  ".child-selector-a": Object {
    "backgroundColor": "red",
    "display": "block",
  },
  "maxHeight": "var(--max-height, 100%)",
  "maxWidth": "var(--max-width, 450px)",
}
`;
